
> bonny-ai@0.1.0 build
> next build

  Γû▓ Next.js 14.2.16
  - Environments: .env.local

   Creating an optimized production build ...
node.exe : <w> [webpa
ck.cache.PackFileCach
eStrategy] 
Serializing big 
strings (129kiB) 
impacts 
deserialization 
performance 
(consider using 
Buffer instead and 
decode when needed)
At line:1 char:1
+ & "C:\Program Files
\nodejs/node.exe" 
"C:\Program 
Files\nodejs/node_mo 
...
+ ~~~~~~~~~~~~~~~~~~~
~~~~~~~~~~~~~~~~~~~~~
~~~~~~~~~~~~~~~~~~~~~
~~~~~~~~
    + CategoryInfo   
           : NotSpe  
  cified: (<w> [we   
 bpack.ca...de wh    
en needed):Strin    
g) [], RemoteExc    
eption
    + FullyQualified 
   ErrorId : Native  
  CommandError
 
 Γ£ô Compiled successfully
   Skipping linting
   Checking validity of types ...
Failed to compile.

./components/chatbox.
tsx:221:58
Type error: Cannot 
find name 
'ExperiencesSection'.

[0m [90m 219 
|[39m               
                     
             
{msg[33m.[39mrole 
[33m===[39m 
[32m'bot'[39m 
[33m&&[39m 
showExperiences 
[33m&&[39m ([0m
[0m [90m 220 
|[39m               
                     
                 [33
m<[39m[33mdiv[39m 
className[33m=[39m
[32m"mt-3 w-full 
grid grid-cols-1 
min-w-0 
overflow-hidden 
rounded-xl 
bg-background/50 back
drop-blur-sm"[39m[3
3m>[39m[0m
[0m[31m[1m>[22m[
39m[90m 221 |[39m  
                     
                     
             [33m<[
39m[33mExperiencesSe
ction[39m category[
33m=[39m{experienceC
ategory} [33m/[39m
[33m>[39m[0m
[0m [90m     
|[39m               
                     
                     
 [31m[1m^[22m[39m
[0m
[0m [90m 222 
|[39m               
                     
                 [33
m<[39m[33m/[39m[3
3mdiv[39m[33m>[39m
[0m
[0m [90m 223 
|[39m               
                     
             )}[0m
[0m [90m 224 
|[39m               
                     
         [33m<[39m
[33m/[39m[33mdiv[3
9m[33m>[39m[0m
